// Jest Snapshot v1, https://goo.gl/fbAQLP

exports[`TodoRemoveButton component: should be rendered correctly 1`] = `
<DefaultButton
  busy={false}
  className="todo-remove-button"
  disabled={false}
  extension="narrow"
  icon="delete"
  onClick={[Function]}
  theme="danger"
/>
`;

exports[`TodoRemoveButton component: should handle isWorking correctly (display spinner) 1`] = `
ShallowWrapper {
  "length": 1,
  Symbol(enzyme.__root__): [Circular],
  Symbol(enzyme.__unrendered__): <TodoRemoveButton
    deleteTodo={[MockFunction]}
    todo={
      Object {
        "_id": 1234,
        "name": "Todo 1",
      }
    }
  />,
  Symbol(enzyme.__renderer__): Object {
    "batchedUpdates": [Function],
    "getNode": [Function],
    "render": [Function],
    "simulateEvent": [Function],
    "unmount": [Function],
  },
  Symbol(enzyme.__node__): Object {
    "instance": null,
    "key": undefined,
    "nodeType": "function",
    "props": Object {
      "busy": true,
      "className": "todo-remove-button",
      "disabled": true,
      "extension": "narrow",
      "icon": "delete",
      "onClick": [Function],
      "theme": "danger",
    },
    "ref": null,
    "rendered": null,
    "type": [Function],
  },
  Symbol(enzyme.__nodes__): Array [
    Object {
      "instance": null,
      "key": undefined,
      "nodeType": "function",
      "props": Object {
        "busy": true,
        "className": "todo-remove-button",
        "disabled": true,
        "extension": "narrow",
        "icon": "delete",
        "onClick": [Function],
        "theme": "danger",
      },
      "ref": null,
      "rendered": null,
      "type": [Function],
    },
  ],
  Symbol(enzyme.__options__): Object {
    "adapter": ReactSixteenAdapter {
      "options": Object {
        "enableComponentDidUpdateOnSetState": true,
      },
    },
  },
}
`;
